// Jest Snapshot v1, https://goo.gl/fbAQLP

exports[`actions profile should clearProfile snapshot 1`] = `
Object {
  "type": "CLEAR_PROFILE",
}
`;

exports[`actions profile should fillProfile snapshot 1`] = `
Object {
  "payload": Object {
    "avatar": "TEST_AVATAR",
    "firstName": "Walter",
    "id": "TEST_ID",
    "lastName": "White",
    "token": "TEST_TOKEN",
  },
  "type": "FILL_PROFILE",
}
`;

exports[`actions profile should udpateAvatar snapshot 1`] = `
Object {
  "payload": "https://www.url.com",
  "type": "UPDATE_AVATAR",
}
`;

exports[`actions profile should updateAvatarAsync snapshot 1`] = `
Object {
  "payload": Array [
    "avatar",
  ],
  "type": "UPDATE_AVATAR_ASYNC",
}
`;

exports[`actions profile should updateNameAsync snapshot 1`] = `
Object {
  "payload": Object {
    "firstName": "Mister",
    "lastName": "Twister",
  },
  "type": "UPDATE_NAME_ASYNC",
}
`;

exports[`actions profile should updatePasswordAsync snapshot 1`] = `
Object {
  "payload": Object {
    "newPassword": 1234567,
    "oldPassword": 12345,
  },
  "type": "UPDATE_PASSWORD_ASYNC",
}
`;
